// Jest Snapshot v1, https://goo.gl/fbAQLP

exports[`<BookFormCancelButton /> should match the snapshot 1`] = `
<LinkButton
  block={true}
  buttonSize={null}
  buttonStyle="secondary"
  className={null}
  link={false}
  outline={true}
  url="/books"
>
  Cancel
</LinkButton>
`;
