// Jest Snapshot v1, https://goo.gl/fbAQLP

exports[`BooksPage should match the snapshot 1`] = `
<Page
  breadcrumbs={
    Array [
      Object {
        "label": "Home",
        "url": "/",
      },
      Object {
        "active": true,
        "label": "Books",
        "url": "/books",
      },
    ]
  }
  className="page-books"
  layout={null}
  subtitle="5e Campaign Companion"
  title="Parchment"
>
  <HeadingWithButtons
    buttons={
      Array [
        Object {
          "label": "Create Book",
          "outline": true,
          "url": "/books/create",
        },
      ]
    }
  >
    Books
  </HeadingWithButtons>
  <IndexBooksTable />
</Page>
`;
