// Jest Snapshot v1, https://goo.gl/fbAQLP

exports[`<Spinner /> should match the snapshot 1`] = `
<span
  aria-hidden="true"
  className="spinner-border"
  role="status"
  style={Object {}}
/>
`;
