// Jest Snapshot v1, https://goo.gl/fbAQLP

exports[`<DynamicTableRow /> with default props should match the snapshot 1`] = `
<div
  className="dynamic-table-row row"
>
  <DynamicTableRowCell
    cellProps={Object {}}
    data={
      Object {
        "id": "00000000-0000-0000-0000-000000000000",
        "name": "Self-sealing Stem Bolt",
        "price": "10.00",
        "quantity": 50,
      }
    }
    header={true}
    key="id"
    label={true}
    prop="id"
    resourceName={null}
    width={null}
  />
  <DynamicTableRowCell
    cellProps={Object {}}
    data={
      Object {
        "id": "00000000-0000-0000-0000-000000000000",
        "name": "Self-sealing Stem Bolt",
        "price": "10.00",
        "quantity": 50,
      }
    }
    header={true}
    key="name"
    label={true}
    prop="name"
    resourceName={null}
    width={null}
  />
  <DynamicTableRowCell
    cellProps={Object {}}
    data={
      Object {
        "id": "00000000-0000-0000-0000-000000000000",
        "name": "Self-sealing Stem Bolt",
        "price": "10.00",
        "quantity": 50,
      }
    }
    header={true}
    key="price"
    label={true}
    prop="price"
    resourceName={null}
    width={null}
  />
  <DynamicTableRowCell
    cellProps={Object {}}
    data={
      Object {
        "id": "00000000-0000-0000-0000-000000000000",
        "name": "Self-sealing Stem Bolt",
        "price": "10.00",
        "quantity": 50,
      }
    }
    header={true}
    key="quantity"
    label={true}
    prop="quantity"
    resourceName={null}
    width={null}
  />
</div>
`;
