// Jest Snapshot v1, https://goo.gl/fbAQLP

exports[`<SpellForm /> should match the snapshot 1`] = `
<Form
  className="spell-form"
  form={
    Object {
      "data": Object {
        "spell": Object {
          "castingTime": "1 action",
          "description": "You conjure a glowing, spectral orb the size of a closed fist and bearing the likeness of everyone's favorite creature, the Flumph. Until the spell ends, the orb sheds bright light in a 20-foot radius and dim light for an additional 20 feet. The light can be colored as you like. The spell ends if you cast it again or dismiss it as an action.

You can move the orb to anywhere within 30 feet of you as a bonus action. If you move more than 30 feet away from the orb, it will float directly to your location at the beginning of your next turn; if it is unable to reach your location, the spell immediately ends. ",
          "duration": "1 hour",
          "id": "823dbe98-ef01-4984-b8b2-34c2946091ce",
          "level": 0,
          "materialComponent": "a pinch of flumph dust",
          "name": "Flumph Lantern",
          "range": "30 feet",
          "ritual": false,
          "school": "evocation",
          "shortDescription": "Floating light illuminates 20 feet + 20 feet dim light",
          "slug": "flumph-lantern",
          "somaticComponent": false,
          "sourceId": "da08708e-0505-4819-bc69-00b6589a4e4f",
          "sourceType": "Publication",
          "verbalComponent": true,
        },
      },
      "errors": Object {},
      "onChangeAction": [MockFunction],
      "onSubmitAction": [MockFunction],
      "path": Array [
        "spell",
      ],
    }
  }
>
  <FormRow
    align="left"
    className=""
    verticalAlign="top"
  >
    <NameField
      colWidth="8"
      form={
        Object {
          "data": Object {
            "spell": Object {
              "castingTime": "1 action",
              "description": "You conjure a glowing, spectral orb the size of a closed fist and bearing the likeness of everyone's favorite creature, the Flumph. Until the spell ends, the orb sheds bright light in a 20-foot radius and dim light for an additional 20 feet. The light can be colored as you like. The spell ends if you cast it again or dismiss it as an action.

You can move the orb to anywhere within 30 feet of you as a bonus action. If you move more than 30 feet away from the orb, it will float directly to your location at the beginning of your next turn; if it is unable to reach your location, the spell immediately ends. ",
              "duration": "1 hour",
              "id": "823dbe98-ef01-4984-b8b2-34c2946091ce",
              "level": 0,
              "materialComponent": "a pinch of flumph dust",
              "name": "Flumph Lantern",
              "range": "30 feet",
              "ritual": false,
              "school": "evocation",
              "shortDescription": "Floating light illuminates 20 feet + 20 feet dim light",
              "slug": "flumph-lantern",
              "somaticComponent": false,
              "sourceId": "da08708e-0505-4819-bc69-00b6589a4e4f",
              "sourceType": "Publication",
              "verbalComponent": true,
            },
          },
          "errors": Object {},
          "onChangeAction": [MockFunction],
          "onSubmitAction": [MockFunction],
          "path": Array [
            "spell",
          ],
        }
      }
    />
    <SlugField
      colWidth="4"
      form={
        Object {
          "data": Object {
            "spell": Object {
              "castingTime": "1 action",
              "description": "You conjure a glowing, spectral orb the size of a closed fist and bearing the likeness of everyone's favorite creature, the Flumph. Until the spell ends, the orb sheds bright light in a 20-foot radius and dim light for an additional 20 feet. The light can be colored as you like. The spell ends if you cast it again or dismiss it as an action.

You can move the orb to anywhere within 30 feet of you as a bonus action. If you move more than 30 feet away from the orb, it will float directly to your location at the beginning of your next turn; if it is unable to reach your location, the spell immediately ends. ",
              "duration": "1 hour",
              "id": "823dbe98-ef01-4984-b8b2-34c2946091ce",
              "level": 0,
              "materialComponent": "a pinch of flumph dust",
              "name": "Flumph Lantern",
              "range": "30 feet",
              "ritual": false,
              "school": "evocation",
              "shortDescription": "Floating light illuminates 20 feet + 20 feet dim light",
              "slug": "flumph-lantern",
              "somaticComponent": false,
              "sourceId": "da08708e-0505-4819-bc69-00b6589a4e4f",
              "sourceType": "Publication",
              "verbalComponent": true,
            },
          },
          "errors": Object {},
          "onChangeAction": [MockFunction],
          "onSubmitAction": [MockFunction],
          "path": Array [
            "spell",
          ],
        }
      }
    />
    <SchoolField
      colWidth="8"
      form={
        Object {
          "data": Object {
            "spell": Object {
              "castingTime": "1 action",
              "description": "You conjure a glowing, spectral orb the size of a closed fist and bearing the likeness of everyone's favorite creature, the Flumph. Until the spell ends, the orb sheds bright light in a 20-foot radius and dim light for an additional 20 feet. The light can be colored as you like. The spell ends if you cast it again or dismiss it as an action.

You can move the orb to anywhere within 30 feet of you as a bonus action. If you move more than 30 feet away from the orb, it will float directly to your location at the beginning of your next turn; if it is unable to reach your location, the spell immediately ends. ",
              "duration": "1 hour",
              "id": "823dbe98-ef01-4984-b8b2-34c2946091ce",
              "level": 0,
              "materialComponent": "a pinch of flumph dust",
              "name": "Flumph Lantern",
              "range": "30 feet",
              "ritual": false,
              "school": "evocation",
              "shortDescription": "Floating light illuminates 20 feet + 20 feet dim light",
              "slug": "flumph-lantern",
              "somaticComponent": false,
              "sourceId": "da08708e-0505-4819-bc69-00b6589a4e4f",
              "sourceType": "Publication",
              "verbalComponent": true,
            },
          },
          "errors": Object {},
          "onChangeAction": [MockFunction],
          "onSubmitAction": [MockFunction],
          "path": Array [
            "spell",
          ],
        }
      }
      options={
        Array [
          Object {
            "label": "Abjuration",
            "value": "abjuration",
          },
          Object {
            "label": "Conjuration",
            "value": "conjuration",
          },
          Object {
            "label": "Divination",
            "value": "divination",
          },
          Object {
            "label": "Enchantment",
            "value": "enchantment",
          },
          Object {
            "label": "Evocation",
            "value": "evocation",
          },
          Object {
            "label": "Illusion",
            "value": "illusion",
          },
          Object {
            "label": "Necromancy",
            "value": "necromancy",
          },
          Object {
            "label": "Transmutation",
            "value": "transmutation",
          },
        ]
      }
    />
    <LevelField
      colWidth="2"
      form={
        Object {
          "data": Object {
            "spell": Object {
              "castingTime": "1 action",
              "description": "You conjure a glowing, spectral orb the size of a closed fist and bearing the likeness of everyone's favorite creature, the Flumph. Until the spell ends, the orb sheds bright light in a 20-foot radius and dim light for an additional 20 feet. The light can be colored as you like. The spell ends if you cast it again or dismiss it as an action.

You can move the orb to anywhere within 30 feet of you as a bonus action. If you move more than 30 feet away from the orb, it will float directly to your location at the beginning of your next turn; if it is unable to reach your location, the spell immediately ends. ",
              "duration": "1 hour",
              "id": "823dbe98-ef01-4984-b8b2-34c2946091ce",
              "level": 0,
              "materialComponent": "a pinch of flumph dust",
              "name": "Flumph Lantern",
              "range": "30 feet",
              "ritual": false,
              "school": "evocation",
              "shortDescription": "Floating light illuminates 20 feet + 20 feet dim light",
              "slug": "flumph-lantern",
              "somaticComponent": false,
              "sourceId": "da08708e-0505-4819-bc69-00b6589a4e4f",
              "sourceType": "Publication",
              "verbalComponent": true,
            },
          },
          "errors": Object {},
          "onChangeAction": [MockFunction],
          "onSubmitAction": [MockFunction],
          "path": Array [
            "spell",
          ],
        }
      }
    />
    <RitualField
      colWidth="2"
      form={
        Object {
          "data": Object {
            "spell": Object {
              "castingTime": "1 action",
              "description": "You conjure a glowing, spectral orb the size of a closed fist and bearing the likeness of everyone's favorite creature, the Flumph. Until the spell ends, the orb sheds bright light in a 20-foot radius and dim light for an additional 20 feet. The light can be colored as you like. The spell ends if you cast it again or dismiss it as an action.

You can move the orb to anywhere within 30 feet of you as a bonus action. If you move more than 30 feet away from the orb, it will float directly to your location at the beginning of your next turn; if it is unable to reach your location, the spell immediately ends. ",
              "duration": "1 hour",
              "id": "823dbe98-ef01-4984-b8b2-34c2946091ce",
              "level": 0,
              "materialComponent": "a pinch of flumph dust",
              "name": "Flumph Lantern",
              "range": "30 feet",
              "ritual": false,
              "school": "evocation",
              "shortDescription": "Floating light illuminates 20 feet + 20 feet dim light",
              "slug": "flumph-lantern",
              "somaticComponent": false,
              "sourceId": "da08708e-0505-4819-bc69-00b6589a4e4f",
              "sourceType": "Publication",
              "verbalComponent": true,
            },
          },
          "errors": Object {},
          "onChangeAction": [MockFunction],
          "onSubmitAction": [MockFunction],
          "path": Array [
            "spell",
          ],
        }
      }
    />
    <CastingTimeField
      colWidth="4"
      form={
        Object {
          "data": Object {
            "spell": Object {
              "castingTime": "1 action",
              "description": "You conjure a glowing, spectral orb the size of a closed fist and bearing the likeness of everyone's favorite creature, the Flumph. Until the spell ends, the orb sheds bright light in a 20-foot radius and dim light for an additional 20 feet. The light can be colored as you like. The spell ends if you cast it again or dismiss it as an action.

You can move the orb to anywhere within 30 feet of you as a bonus action. If you move more than 30 feet away from the orb, it will float directly to your location at the beginning of your next turn; if it is unable to reach your location, the spell immediately ends. ",
              "duration": "1 hour",
              "id": "823dbe98-ef01-4984-b8b2-34c2946091ce",
              "level": 0,
              "materialComponent": "a pinch of flumph dust",
              "name": "Flumph Lantern",
              "range": "30 feet",
              "ritual": false,
              "school": "evocation",
              "shortDescription": "Floating light illuminates 20 feet + 20 feet dim light",
              "slug": "flumph-lantern",
              "somaticComponent": false,
              "sourceId": "da08708e-0505-4819-bc69-00b6589a4e4f",
              "sourceType": "Publication",
              "verbalComponent": true,
            },
          },
          "errors": Object {},
          "onChangeAction": [MockFunction],
          "onSubmitAction": [MockFunction],
          "path": Array [
            "spell",
          ],
        }
      }
    />
    <RangeField
      colWidth="4"
      form={
        Object {
          "data": Object {
            "spell": Object {
              "castingTime": "1 action",
              "description": "You conjure a glowing, spectral orb the size of a closed fist and bearing the likeness of everyone's favorite creature, the Flumph. Until the spell ends, the orb sheds bright light in a 20-foot radius and dim light for an additional 20 feet. The light can be colored as you like. The spell ends if you cast it again or dismiss it as an action.

You can move the orb to anywhere within 30 feet of you as a bonus action. If you move more than 30 feet away from the orb, it will float directly to your location at the beginning of your next turn; if it is unable to reach your location, the spell immediately ends. ",
              "duration": "1 hour",
              "id": "823dbe98-ef01-4984-b8b2-34c2946091ce",
              "level": 0,
              "materialComponent": "a pinch of flumph dust",
              "name": "Flumph Lantern",
              "range": "30 feet",
              "ritual": false,
              "school": "evocation",
              "shortDescription": "Floating light illuminates 20 feet + 20 feet dim light",
              "slug": "flumph-lantern",
              "somaticComponent": false,
              "sourceId": "da08708e-0505-4819-bc69-00b6589a4e4f",
              "sourceType": "Publication",
              "verbalComponent": true,
            },
          },
          "errors": Object {},
          "onChangeAction": [MockFunction],
          "onSubmitAction": [MockFunction],
          "path": Array [
            "spell",
          ],
        }
      }
    />
    <DurationField
      colWidth="4"
      form={
        Object {
          "data": Object {
            "spell": Object {
              "castingTime": "1 action",
              "description": "You conjure a glowing, spectral orb the size of a closed fist and bearing the likeness of everyone's favorite creature, the Flumph. Until the spell ends, the orb sheds bright light in a 20-foot radius and dim light for an additional 20 feet. The light can be colored as you like. The spell ends if you cast it again or dismiss it as an action.

You can move the orb to anywhere within 30 feet of you as a bonus action. If you move more than 30 feet away from the orb, it will float directly to your location at the beginning of your next turn; if it is unable to reach your location, the spell immediately ends. ",
              "duration": "1 hour",
              "id": "823dbe98-ef01-4984-b8b2-34c2946091ce",
              "level": 0,
              "materialComponent": "a pinch of flumph dust",
              "name": "Flumph Lantern",
              "range": "30 feet",
              "ritual": false,
              "school": "evocation",
              "shortDescription": "Floating light illuminates 20 feet + 20 feet dim light",
              "slug": "flumph-lantern",
              "somaticComponent": false,
              "sourceId": "da08708e-0505-4819-bc69-00b6589a4e4f",
              "sourceType": "Publication",
              "verbalComponent": true,
            },
          },
          "errors": Object {},
          "onChangeAction": [MockFunction],
          "onSubmitAction": [MockFunction],
          "path": Array [
            "spell",
          ],
        }
      }
    />
    <SpellFormComponentsField
      colWidth="12"
      form={
        Object {
          "data": Object {
            "spell": Object {
              "castingTime": "1 action",
              "description": "You conjure a glowing, spectral orb the size of a closed fist and bearing the likeness of everyone's favorite creature, the Flumph. Until the spell ends, the orb sheds bright light in a 20-foot radius and dim light for an additional 20 feet. The light can be colored as you like. The spell ends if you cast it again or dismiss it as an action.

You can move the orb to anywhere within 30 feet of you as a bonus action. If you move more than 30 feet away from the orb, it will float directly to your location at the beginning of your next turn; if it is unable to reach your location, the spell immediately ends. ",
              "duration": "1 hour",
              "id": "823dbe98-ef01-4984-b8b2-34c2946091ce",
              "level": 0,
              "materialComponent": "a pinch of flumph dust",
              "name": "Flumph Lantern",
              "range": "30 feet",
              "ritual": false,
              "school": "evocation",
              "shortDescription": "Floating light illuminates 20 feet + 20 feet dim light",
              "slug": "flumph-lantern",
              "somaticComponent": false,
              "sourceId": "da08708e-0505-4819-bc69-00b6589a4e4f",
              "sourceType": "Publication",
              "verbalComponent": true,
            },
          },
          "errors": Object {},
          "onChangeAction": [MockFunction],
          "onSubmitAction": [MockFunction],
          "path": Array [
            "spell",
          ],
        }
      }
    />
    <ShortDescriptionField
      colWidth="12"
      form={
        Object {
          "data": Object {
            "spell": Object {
              "castingTime": "1 action",
              "description": "You conjure a glowing, spectral orb the size of a closed fist and bearing the likeness of everyone's favorite creature, the Flumph. Until the spell ends, the orb sheds bright light in a 20-foot radius and dim light for an additional 20 feet. The light can be colored as you like. The spell ends if you cast it again or dismiss it as an action.

You can move the orb to anywhere within 30 feet of you as a bonus action. If you move more than 30 feet away from the orb, it will float directly to your location at the beginning of your next turn; if it is unable to reach your location, the spell immediately ends. ",
              "duration": "1 hour",
              "id": "823dbe98-ef01-4984-b8b2-34c2946091ce",
              "level": 0,
              "materialComponent": "a pinch of flumph dust",
              "name": "Flumph Lantern",
              "range": "30 feet",
              "ritual": false,
              "school": "evocation",
              "shortDescription": "Floating light illuminates 20 feet + 20 feet dim light",
              "slug": "flumph-lantern",
              "somaticComponent": false,
              "sourceId": "da08708e-0505-4819-bc69-00b6589a4e4f",
              "sourceType": "Publication",
              "verbalComponent": true,
            },
          },
          "errors": Object {},
          "onChangeAction": [MockFunction],
          "onSubmitAction": [MockFunction],
          "path": Array [
            "spell",
          ],
        }
      }
    />
    <DescriptionField
      colWidth="12"
      form={
        Object {
          "data": Object {
            "spell": Object {
              "castingTime": "1 action",
              "description": "You conjure a glowing, spectral orb the size of a closed fist and bearing the likeness of everyone's favorite creature, the Flumph. Until the spell ends, the orb sheds bright light in a 20-foot radius and dim light for an additional 20 feet. The light can be colored as you like. The spell ends if you cast it again or dismiss it as an action.

You can move the orb to anywhere within 30 feet of you as a bonus action. If you move more than 30 feet away from the orb, it will float directly to your location at the beginning of your next turn; if it is unable to reach your location, the spell immediately ends. ",
              "duration": "1 hour",
              "id": "823dbe98-ef01-4984-b8b2-34c2946091ce",
              "level": 0,
              "materialComponent": "a pinch of flumph dust",
              "name": "Flumph Lantern",
              "range": "30 feet",
              "ritual": false,
              "school": "evocation",
              "shortDescription": "Floating light illuminates 20 feet + 20 feet dim light",
              "slug": "flumph-lantern",
              "somaticComponent": false,
              "sourceId": "da08708e-0505-4819-bc69-00b6589a4e4f",
              "sourceType": "Publication",
              "verbalComponent": true,
            },
          },
          "errors": Object {},
          "onChangeAction": [MockFunction],
          "onSubmitAction": [MockFunction],
          "path": Array [
            "spell",
          ],
        }
      }
      rows={5}
    />
  </FormRow>
  <FormRow
    align="right"
    className=""
    verticalAlign="top"
  >
    <CancelButton
      colWidth="3"
      form={
        Object {
          "data": Object {
            "spell": Object {
              "castingTime": "1 action",
              "description": "You conjure a glowing, spectral orb the size of a closed fist and bearing the likeness of everyone's favorite creature, the Flumph. Until the spell ends, the orb sheds bright light in a 20-foot radius and dim light for an additional 20 feet. The light can be colored as you like. The spell ends if you cast it again or dismiss it as an action.

You can move the orb to anywhere within 30 feet of you as a bonus action. If you move more than 30 feet away from the orb, it will float directly to your location at the beginning of your next turn; if it is unable to reach your location, the spell immediately ends. ",
              "duration": "1 hour",
              "id": "823dbe98-ef01-4984-b8b2-34c2946091ce",
              "level": 0,
              "materialComponent": "a pinch of flumph dust",
              "name": "Flumph Lantern",
              "range": "30 feet",
              "ritual": false,
              "school": "evocation",
              "shortDescription": "Floating light illuminates 20 feet + 20 feet dim light",
              "slug": "flumph-lantern",
              "somaticComponent": false,
              "sourceId": "da08708e-0505-4819-bc69-00b6589a4e4f",
              "sourceType": "Publication",
              "verbalComponent": true,
            },
          },
          "errors": Object {},
          "onChangeAction": [MockFunction],
          "onSubmitAction": [MockFunction],
          "path": Array [
            "spell",
          ],
        }
      }
      isUpdate={false}
    />
    <SubmitButton
      colWidth="3"
      disabled={false}
      form={
        Object {
          "data": Object {
            "spell": Object {
              "castingTime": "1 action",
              "description": "You conjure a glowing, spectral orb the size of a closed fist and bearing the likeness of everyone's favorite creature, the Flumph. Until the spell ends, the orb sheds bright light in a 20-foot radius and dim light for an additional 20 feet. The light can be colored as you like. The spell ends if you cast it again or dismiss it as an action.

You can move the orb to anywhere within 30 feet of you as a bonus action. If you move more than 30 feet away from the orb, it will float directly to your location at the beginning of your next turn; if it is unable to reach your location, the spell immediately ends. ",
              "duration": "1 hour",
              "id": "823dbe98-ef01-4984-b8b2-34c2946091ce",
              "level": 0,
              "materialComponent": "a pinch of flumph dust",
              "name": "Flumph Lantern",
              "range": "30 feet",
              "ritual": false,
              "school": "evocation",
              "shortDescription": "Floating light illuminates 20 feet + 20 feet dim light",
              "slug": "flumph-lantern",
              "somaticComponent": false,
              "sourceId": "da08708e-0505-4819-bc69-00b6589a4e4f",
              "sourceType": "Publication",
              "verbalComponent": true,
            },
          },
          "errors": Object {},
          "onChangeAction": [MockFunction],
          "onSubmitAction": [MockFunction],
          "path": Array [
            "spell",
          ],
        }
      }
      isUpdate={false}
      status="initialized"
    />
  </FormRow>
</Form>
`;
